// Jest Snapshot v1, https://goo.gl/fbAQLP

exports[`PokemonPicture componente debe hacer match con el snapshot 1`] = `
<div class="pokemon-container"><img class="hidden-pokemon" src="https://raw.githubusercontent.com/PokeAPI/sprites/master/sprites/pokemon/other/dream-world/1.svg" alt="Pokemon">
  <!--v-if-->
</div>
`;
